data set: 24 recordings, 4 folds (6 each)
  1410 recording-minutes total
  loco    fold 0: F1 0.650  @threshold_pctile=99  cal 20.1s  detect 1.13s
  loco    fold 1: F1 0.676  @threshold_pctile=99  cal 19.9s  detect 1.03s
  loco    fold 2: F1 0.630  @threshold_pctile=99  cal 19.1s  detect 1.14s
  loco    fold 3: F1 0.654  @threshold_pctile=99  cal 19.4s  detect 1.10s
  cicada  fold 0: F1 0.553  @sce_percentile=99.9  cal 19.2s  detect 0.63s
  cicada  fold 1: F1 0.571  @sce_percentile=99.9  cal 18.4s  detect 0.67s
  cicada  fold 2: F1 0.539  @sce_percentile=99.9  cal 18.5s  detect 0.64s
  cicada  fold 3: F1 0.556  @sce_percentile=99.9  cal 18.3s  detect 0.65s
  sce     fold 0: F1 0.432  @threshold_pctile=80  cal 1.7s  detect 0.06s
  sce     fold 1: F1 0.515  @threshold_pctile=80  cal 1.7s  detect 0.06s
  sce     fold 2: F1 0.450  @threshold_pctile=80  cal 1.6s  detect 0.08s
  sce     fold 3: F1 0.460  @threshold_pctile=80  cal 1.8s  detect 0.06s
  coact   fold 0: F1 0.660  @alpha=0.0001  cal 7.9s  detect 0.31s
  coact   fold 1: F1 0.670  @alpha=0.0001  cal 7.7s  detect 0.31s
  coact   fold 2: F1 0.621  @alpha=0.001  cal 7.5s  detect 0.33s
  coact   fold 3: F1 0.630  @alpha=0.0001  cal 7.8s  detect 0.31s
  rate    fold 0: F1 0.607  @excess_threshold_hz=3  cal 0.6s  detect 0.02s
  rate    fold 1: F1 0.587  @excess_threshold_hz=3  cal 0.6s  detect 0.02s
  rate    fold 2: F1 0.580  @excess_threshold_hz=3  cal 0.6s  detect 0.02s
  rate    fold 3: F1 0.600  @excess_threshold_hz=3  cal 0.6s  detect 0.02s
  sync    fold 0: F1 0.222  @C_threshold=0.08  cal 6.9s  detect 0.36s
  sync    fold 1: F1 0.268  @C_threshold=0.04  cal 6.9s  detect 0.37s
  sync    fold 2: F1 0.319  @C_threshold=0.04  cal 6.6s  detect 0.40s
  sync    fold 3: F1 0.274  @C_threshold=0.04  cal 6.9s  detect 0.39s
  tube    fold 0: F1 0.651  thr 0.9948  train 14.1s  detect 1.02s
  tube    fold 1: F1 0.670  thr 0.9838  train 11.3s  detect 0.99s
  tube    fold 2: F1 0.618  thr 0.9908  train 11.2s  detect 1.02s
  tube    fold 3: F1 0.664  thr 0.9948  train 11.3s  detect 1.00s

wrote ~/runs/gate1/step1_7fc052d_six_tube/bakeoff.json
	Command being timed: "~/bugarach/.venv/bin/python -u tools/fair_bakeoff.py --spec docs/learned/generator_spec.json --seeds-per-fold 6 --null-rates --out ~/runs/gate1/step1_7fc052d_six_tube --learned tube"
	User time (seconds): 306.57
	System time (seconds): 10.44
	Percent of CPU this job got: 101%
	Elapsed (wall clock) time (h:mm:ss or m:ss): 5:13.01
	Average shared text size (kbytes): 0
	Average unshared data size (kbytes): 0
	Average stack size (kbytes): 0
	Average total size (kbytes): 0
	Maximum resident set size (kbytes): 515520
	Average resident set size (kbytes): 0
	Major (requiring I/O) page faults: 142
	Minor (reclaiming a frame) page faults: 2418725
	Voluntary context switches: 2231
	Involuntary context switches: 1206
	Swaps: 0
	File system inputs: 661744
	File system outputs: 1416
	Socket messages sent: 0
	Socket messages received: 0
	Signals delivered: 0
	Page size (bytes): 4096
	Exit status: 0
