data set: 24 recordings, 4 folds (6 each)
  1410 recording-minutes total
  chorus_gain_norm fold 0: F1 0.737  thr 0.9838  train 223.2s  detect 1.90s
  chorus_gain_norm fold 1: F1 0.775  thr 0.9500  train 211.3s  detect 1.97s
  chorus_gain_norm fold 2: F1 0.718  thr 0.9838  train 209.9s  detect 1.97s
  chorus_gain_norm fold 3: F1 0.746  thr 0.9948  train 220.1s  detect 1.91s

wrote ~/runs/gate1/step3c_chorus_gain_norm_seed1/bakeoff_seed1.json
	Command being timed: "~/bugarach/.venv/bin/python -u tools/fair_bakeoff.py --spec docs/learned/generator_spec.json --seeds-per-fold 6 --null-rates --out ~/runs/gate1/step3c_chorus_gain_norm_seed1 --skip-hand-written --learned chorus_gain_norm --train-seed 1"
	User time (seconds): 608.90
	System time (seconds): 291.05
	Percent of CPU this job got: 100%
	Elapsed (wall clock) time (h:mm:ss or m:ss): 14:56.10
	Average shared text size (kbytes): 0
	Average unshared data size (kbytes): 0
	Average stack size (kbytes): 0
	Average total size (kbytes): 0
	Maximum resident set size (kbytes): 727648
	Average resident set size (kbytes): 0
	Major (requiring I/O) page faults: 0
	Minor (reclaiming a frame) page faults: 269976855
	Voluntary context switches: 182
	Involuntary context switches: 3008
	Swaps: 0
	File system inputs: 0
	File system outputs: 56
	Socket messages sent: 0
	Socket messages received: 0
	Signals delivered: 0
	Page size (bytes): 4096
	Exit status: 0
