data set: 24 recordings, 4 folds (6 each)
  1410 recording-minutes total
  tube    fold 0: F1 0.651  thr 0.9948  train 13.0s  detect 1.06s
  tube    fold 1: F1 0.670  thr 0.9838  train 11.5s  detect 1.07s
  tube    fold 2: F1 0.618  thr 0.9908  train 11.7s  detect 1.01s
  tube    fold 3: F1 0.664  thr 0.9948  train 11.5s  detect 1.06s

wrote ~/runs/gate1/step1b_7fc052d_tube_rerun/bakeoff.json
	Command being timed: "~/bugarach/.venv/bin/python -u tools/fair_bakeoff.py --spec docs/learned/generator_spec.json --seeds-per-fold 6 --null-rates --out ~/runs/gate1/step1b_7fc052d_tube_rerun --skip-hand-written --learned tube"
	User time (seconds): 68.08
	System time (seconds): 0.40
	Percent of CPU this job got: 104%
	Elapsed (wall clock) time (h:mm:ss or m:ss): 1:05.66
	Average shared text size (kbytes): 0
	Average unshared data size (kbytes): 0
	Average stack size (kbytes): 0
	Average total size (kbytes): 0
	Maximum resident set size (kbytes): 521128
	Average resident set size (kbytes): 0
	Major (requiring I/O) page faults: 0
	Minor (reclaiming a frame) page faults: 108820
	Voluntary context switches: 180
	Involuntary context switches: 554
	Swaps: 0
	File system inputs: 0
	File system outputs: 32
	Socket messages sent: 0
	Socket messages received: 0
	Signals delivered: 0
	Page size (bytes): 4096
	Exit status: 0
