data set: 24 recordings, 4 folds (6 each)
  1410 recording-minutes total
  loco    fold 0: F1 0.650  @threshold_pctile=99  cal 26.8s  detect 1.08s
  loco    fold 1: F1 0.676  @threshold_pctile=99  cal 26.4s  detect 1.04s
  loco    fold 2: F1 0.630  @threshold_pctile=99  cal 25.5s  detect 1.14s
  loco    fold 3: F1 0.654  @threshold_pctile=99  cal 26.0s  detect 1.08s
  cicada  fold 0: F1 0.569  @sce_percentile=99.95  cal 20.1s  detect 0.62s
  cicada  fold 1: F1 0.552  @sce_percentile=99.95  cal 20.0s  detect 0.64s
  cicada  fold 2: F1 0.530  @sce_percentile=99.95  cal 20.0s  detect 0.61s
  cicada  fold 3: F1 0.513  @sce_percentile=99.95  cal 20.0s  detect 0.64s
  sce     fold 0: F1 0.568  @threshold_pctile=80  cal 3.2s  detect 0.06s
  sce     fold 1: F1 0.626  @threshold_pctile=80  cal 3.2s  detect 0.06s
  sce     fold 2: F1 0.526  @threshold_pctile=80  cal 3.1s  detect 0.06s
  sce     fold 3: F1 0.559  @threshold_pctile=75  cal 3.1s  detect 0.07s
  coact   fold 0: F1 0.660  @alpha=0.0001  cal 10.7s  detect 0.30s
  coact   fold 1: F1 0.670  @alpha=0.0001  cal 10.6s  detect 0.30s
  coact   fold 2: F1 0.621  @alpha=0.001  cal 10.2s  detect 0.33s
  coact   fold 3: F1 0.630  @alpha=0.0001  cal 10.6s  detect 0.32s
  rate    fold 0: F1 0.636  @excess_threshold_hz=3.5  cal 0.7s  detect 0.02s
  rate    fold 1: F1 0.607  @excess_threshold_hz=3.5  cal 0.7s  detect 0.02s
  rate    fold 2: F1 0.600  @excess_threshold_hz=3.5  cal 0.7s  detect 0.02s
  rate    fold 3: F1 0.616  @excess_threshold_hz=3.5  cal 0.7s  detect 0.02s
  sync    fold 0: F1 0.222  @C_threshold=0.08  cal 12.7s  detect 0.36s
  sync    fold 1: F1 0.268  @C_threshold=0.04  cal 12.5s  detect 0.35s
  sync    fold 2: F1 0.319  @C_threshold=0.04  cal 12.1s  detect 0.39s
  sync    fold 3: F1 0.274  @C_threshold=0.04  cal 12.2s  detect 0.38s
  tube    fold 0: F1 0.651  thr 0.9948  train 13.4s  detect 1.04s
  tube    fold 1: F1 0.670  thr 0.9838  train 11.1s  detect 1.03s
  tube    fold 2: F1 0.618  thr 0.9908  train 11.3s  detect 1.00s
  tube    fold 3: F1 0.664  thr 0.9948  train 11.1s  detect 1.00s

wrote ~/runs/gate1/step2_tip_six_tube/bakeoff.json
	Command being timed: "~/bugarach/.venv/bin/python -u tools/fair_bakeoff.py --spec docs/learned/generator_spec.json --seeds-per-fold 6 --null-rates --out ~/runs/gate1/step2_tip_six_tube --learned tube"
	User time (seconds): 375.22
	System time (seconds): 11.87
	Percent of CPU this job got: 101%
	Elapsed (wall clock) time (h:mm:ss or m:ss): 6:23.16
	Average shared text size (kbytes): 0
	Average unshared data size (kbytes): 0
	Average stack size (kbytes): 0
	Average total size (kbytes): 0
	Maximum resident set size (kbytes): 524948
	Average resident set size (kbytes): 0
	Major (requiring I/O) page faults: 180
	Minor (reclaiming a frame) page faults: 3005955
	Voluntary context switches: 2618
	Involuntary context switches: 1214
	Swaps: 0
	File system inputs: 767136
	File system outputs: 624
	Socket messages sent: 0
	Socket messages received: 0
	Signals delivered: 0
	Page size (bytes): 4096
	Exit status: 0
