data set: 24 recordings, 4 folds (6 each)
  1410 recording-minutes total
  loco    fold 0: F1 0.691  @threshold_pctile=99.5  cal 7.5s  detect 0.29s
  loco    fold 1: F1 0.713  @threshold_pctile=99.5  cal 7.5s  detect 0.29s
  loco    fold 2: F1 0.619  @threshold_pctile=99.9  cal 7.1s  detect 0.33s
  loco    fold 3: F1 0.724  @threshold_pctile=99.5  cal 7.5s  detect 0.30s
  cicada  fold 0: F1 0.569  @sce_percentile=99.95  cal 19.7s  detect 0.64s
  cicada  fold 1: F1 0.552  @sce_percentile=99.95  cal 19.5s  detect 0.64s
  cicada  fold 2: F1 0.530  @sce_percentile=99.95  cal 19.9s  detect 0.63s
  cicada  fold 3: F1 0.513  @sce_percentile=99.95  cal 20.0s  detect 0.66s
  sce     fold 0: F1 0.568  @threshold_pctile=80  cal 3.1s  detect 0.06s
  sce     fold 1: F1 0.626  @threshold_pctile=80  cal 3.2s  detect 0.06s
  sce     fold 2: F1 0.526  @threshold_pctile=80  cal 3.1s  detect 0.07s
  sce     fold 3: F1 0.559  @threshold_pctile=75  cal 3.0s  detect 0.06s
  coact   fold 0: F1 0.660  @alpha=1e-05  cal 4.9s  detect 0.14s
  coact   fold 1: F1 0.722  @alpha=1e-05  cal 4.8s  detect 0.13s
  coact   fold 2: F1 0.676  @alpha=1e-05  cal 4.6s  detect 0.15s
  coact   fold 3: F1 0.667  @alpha=1e-05  cal 4.9s  detect 0.15s
  rate    fold 0: F1 0.636  @excess_threshold_hz=3.5  cal 0.7s  detect 0.02s
  rate    fold 1: F1 0.607  @excess_threshold_hz=3.5  cal 0.8s  detect 0.02s
  rate    fold 2: F1 0.600  @excess_threshold_hz=3.5  cal 0.7s  detect 0.02s
  rate    fold 3: F1 0.616  @excess_threshold_hz=3.5  cal 0.8s  detect 0.02s
  sync    fold 0: F1 0.222  @C_threshold=0.08  cal 12.7s  detect 0.37s
  sync    fold 1: F1 0.268  @C_threshold=0.04  cal 13.4s  detect 0.43s
  sync    fold 2: F1 0.319  @C_threshold=0.04  cal 13.4s  detect 0.40s
  sync    fold 3: F1 0.274  @C_threshold=0.04  cal 12.4s  detect 0.38s
  tube    fold 0: F1 0.651  thr 0.9948  train 12.4s  detect 1.02s
  tube    fold 1: F1 0.670  thr 0.9838  train 11.2s  detect 1.07s
  tube    fold 2: F1 0.618  thr 0.9908  train 11.2s  detect 1.02s
  tube    fold 3: F1 0.664  thr 0.9948  train 11.1s  detect 1.00s

wrote ~/runs/gate1/step2b_sliding_six_tube/bakeoff.json
	Command being timed: "~/bugarach/.venv/bin/python -u tools/fair_bakeoff.py --spec docs/learned/generator_spec.json --seeds-per-fold 6 --null-rates --out ~/runs/gate1/step2b_sliding_six_tube --learned tube"
	User time (seconds): 269.28
	System time (seconds): 9.77
	Percent of CPU this job got: 101%
	Elapsed (wall clock) time (h:mm:ss or m:ss): 4:34.40
	Average shared text size (kbytes): 0
	Average unshared data size (kbytes): 0
	Average stack size (kbytes): 0
	Average total size (kbytes): 0
	Maximum resident set size (kbytes): 514676
	Average resident set size (kbytes): 0
	Major (requiring I/O) page faults: 0
	Minor (reclaiming a frame) page faults: 2119785
	Voluntary context switches: 196
	Involuntary context switches: 1139
	Swaps: 0
	File system inputs: 16
	File system outputs: 136
	Socket messages sent: 0
	Socket messages received: 0
	Signals delivered: 0
	Page size (bytes): 4096
	Exit status: 0
