data set: 24 recordings, 4 folds (6 each)
  TRANSFER: fitted on --spec, scored on --score-spec. The held-out fold is a different generator, not a different seed.
  1410 recording-minutes total
  1031 recording-minutes in the scored corpus
  loco    fold 0: F1 0.708  @threshold_pctile=99  cal 14.3s  detect 14.51s
  loco    fold 1: F1 0.672  @threshold_pctile=99  cal 14.3s  detect 14.06s
  loco    fold 2: F1 0.737  @threshold_pctile=99  cal 13.9s  detect 14.81s
  loco    fold 3: F1 0.710  @threshold_pctile=99  cal 14.1s  detect 14.25s
  cicada  fold 0: F1 0.427  @sce_percentile=99.9  cal 10.3s  detect 4.42s
  cicada  fold 1: F1 0.414  @sce_percentile=99.9  cal 10.2s  detect 4.44s
  cicada  fold 2: F1 0.409  @sce_percentile=99.9  cal 10.2s  detect 4.42s
  cicada  fold 3: F1 0.411  @sce_percentile=99.9  cal 10.2s  detect 4.42s
  sce     fold 0: F1 0.512  @threshold_pctile=80  cal 1.0s  detect 0.68s
  sce     fold 1: F1 0.544  @threshold_pctile=80  cal 1.1s  detect 0.72s
  sce     fold 2: F1 0.513  @threshold_pctile=80  cal 1.1s  detect 0.76s
  sce     fold 3: F1 0.506  @threshold_pctile=80  cal 1.0s  detect 0.71s
  coact   fold 0: F1 0.778  @alpha=0.0001  cal 5.1s  detect 17.67s
  coact   fold 1: F1 0.775  @alpha=0.0001  cal 5.0s  detect 17.75s
  coact   fold 2: F1 0.775  @alpha=0.001  cal 4.7s  detect 17.67s
  coact   fold 3: F1 0.768  @alpha=0.0001  cal 4.8s  detect 17.23s
  rate    fold 0: F1 0.168  @excess_threshold_hz=3  cal 0.6s  detect 0.09s
  rate    fold 1: F1 0.172  @excess_threshold_hz=3  cal 0.6s  detect 0.08s
  rate    fold 2: F1 0.183  @excess_threshold_hz=3  cal 0.6s  detect 0.09s
  rate    fold 3: F1 0.172  @excess_threshold_hz=3  cal 0.6s  detect 0.09s
  sync    fold 0: F1 nan  @C_threshold=0.08  cal 5.5s  detect 133.50s
  sync    fold 1: F1 0.173  @C_threshold=0.04  cal 5.5s  detect 133.43s
  sync    fold 2: F1 0.194  @C_threshold=0.04  cal 5.4s  detect 145.64s
  sync    fold 3: F1 0.172  @C_threshold=0.04  cal 5.5s  detect 136.00s
  tube    fold 0: F1 0.180  thr 0.9838  train 7.2s  detect 0.41s
  tube    fold 1: F1 0.322  thr 0.9908  train 6.2s  detect 0.38s
  tube    fold 2: F1 0.237  thr 0.9948  train 6.0s  detect 0.32s
  tube    fold 3: F1 0.235  thr 0.9908  train 6.0s  detect 0.31s
  tube_no_bypass fold 0: F1 0.362  thr 0.9838  train 6.1s  detect 0.31s
  tube_no_bypass fold 1: F1 0.217  thr 0.9908  train 6.5s  detect 0.31s
  tube_no_bypass fold 2: F1 0.085  thr 0.9948  train 7.0s  detect 0.46s
  tube_no_bypass fold 3: F1 0.254  thr 0.9716  train 6.5s  detect 0.45s
