16:58:18 crowded reference: scoring the SHIPPED operating points on the crowded recordings — what a candidate would replace
16:58:35     30 evaluations in 16 s
16:58:35   LoCo           crowded mean F1 0.983  (a candidate may not fall below 0.963)
16:58:35   SPIKE-synch    crowded mean F1 0.878  (a candidate may not fall below 0.858)
16:58:35   CoactDetect    crowded mean F1 0.969  (a candidate may not fall below 0.949)
16:58:35   rate+context   crowded mean F1 0.998  (a candidate may not fall below 0.978)
16:58:35   binned SCE     crowded mean F1 0.905  (a candidate may not fall below 0.885)
16:58:35   locust         crowded mean F1 0.768  (a candidate may not fall below 0.748)
16:58:35 stage 1: coordinate rounds
16:59:18     200 evaluations in 43 s
16:59:18   loco.threshold_pctile: best at the edge 99.99; adding 99.995
16:59:21     5 evaluations in 3 s
16:59:21   loco.threshold_pctile: best at the edge 99.995; adding 99.9975
16:59:24     5 evaluations in 3 s
16:59:24   round 1 loco.threshold_pctile: 99.5 -> 99.995 (mean F1 0.812 -> 0.847)
17:00:06     150 evaluations in 42 s
17:00:06   sync.C_min: best at the edge 0.02; adding 0.01
17:00:11     5 evaluations in 5 s
17:00:11   sync.C_min: best at the edge 0.01; adding 0.005
17:00:16     5 evaluations in 5 s
17:00:16   sync.C_min: best at the edge 0.005; adding 0.0025
17:00:20     5 evaluations in 5 s
17:00:20   round 1 sync.C_min: 0.1 -> 0.0025 (mean F1 0.735 -> 0.780)
17:00:57     140 evaluations in 36 s
17:00:57   sce.min_rois: best at the edge 3; adding 1.5
17:00:57   round 1 sync.tau_max: 0.25 -> 0.5 (mean F1 0.780 -> 0.834)
17:00:57   cicada.sce_min_distance_frames: best at the edge 64; adding 128
17:01:04     10 evaluations in 7 s
17:01:04   sce.min_rois: best at the edge 1.5; adding 0.75
17:01:04   cicada.sce_min_distance_frames: best at the edge 128; adding 256
17:01:11     10 evaluations in 7 s
17:01:11   sce.min_rois: best at the edge 0.75; adding 0.375
17:01:11   cicada.sce_min_distance_frames: best at the edge 256; adding 512
17:01:18     10 evaluations in 7 s
17:01:18   round 1 cicada.sce_min_distance_frames: 4 -> 256 (mean F1 0.607 -> 0.836)
17:01:40     160 evaluations in 23 s
17:01:40   round 1 rate.merge_gap_s: 3 -> 5 (mean F1 0.848 -> 0.853)
17:01:40   sync.max_gap: best at the edge 8; adding 16
17:01:40   round 1 coact.min_rois: 3 -> 6 (mean F1 0.784 -> 0.850) (the starting point breaks a budget)
17:01:40   round 1 loco.merge_gap_sec: 2 -> 4 (mean F1 0.847 -> 0.853)
17:01:45     5 evaluations in 5 s
17:01:45   sync.max_gap: best at the edge 16; adding 32
17:01:50     5 evaluations in 5 s
17:01:50   round 1 sync.max_gap: 0.5 -> 16 (mean F1 0.834 -> 0.892)
17:02:04     110 evaluations in 15 s
17:02:04   sync.min_n: best at the edge 2; adding 1
17:02:04   round 1 coact.merge_gap_sec: 3 -> 8 (mean F1 0.850 -> 0.861)
17:02:04   loco.min_rois: best at the edge 2; adding 1
17:02:13     10 evaluations in 9 s
17:02:13   sync.min_n: best at the edge 1; adding 0.5
17:02:13   loco.min_rois: best at the edge 1; adding 0.5
17:02:22     10 evaluations in 9 s
17:02:22   sync.min_n: best at the edge 0.5; adding 0.25
17:02:22   loco.min_rois: best at the edge 0.5; adding 0.25
17:02:30     10 evaluations in 9 s
17:02:44     40 evaluations in 14 s
17:02:56     45 evaluations in 11 s
17:02:56   sync.dt: best at the edge 0.05; adding 0.025
17:03:02     5 evaluations in 6 s
17:03:02   sync.dt: best at the edge 0.025; adding 0.0125
17:03:09     5 evaluations in 8 s
17:03:29     10 evaluations in 20 s
17:03:29 round 1: moved ['cicada', 'coact', 'loco', 'rate', 'sync']
17:04:11     160 evaluations in 42 s
17:04:55     130 evaluations in 44 s
17:04:55   round 2 cicada.n_synchronous_frames: 1 -> 5 (mean F1 0.836 -> 0.842)
17:05:40     125 evaluations in 45 s
17:05:49     30 evaluations in 9 s
17:05:49 round 2: moved ['cicada']
17:06:15     30 evaluations in 26 s
17:06:15 round 3: moved nothing
17:06:15 stage 2: two-setting grids
17:06:28     70 evaluations in 13 s
17:06:47     280 evaluations in 19 s
17:09:07     180 evaluations in 140 s
17:09:07 stage 3: held-out confirmation
17:09:24   held-out: 65 evaluations in 18 s
17:09:31 wrote C:\Users\defazio\runs\2026-09-21-full-search-slow\full_search.html
17:09:31 wrote C:\Users\defazio\runs\2026-09-21-full-search-slow\full_search.png
17:09:31 finished in 11.2 min
17:09:31   LoCo          shipped  held-out mean F1 0.802 
17:09:31   LoCo          rounds   held-out mean F1 0.846 gain +0.044 [+0.038, +0.051]
17:09:31   LoCo          pair     held-out mean F1 0.842 gain +0.040 [+0.034, +0.045]
17:09:31   SPIKE-synch   shipped  held-out mean F1 0.728 
17:09:31   SPIKE-synch   rounds   held-out mean F1 0.882 gain +0.155 [+0.144, +0.166]
17:09:31   CoactDetect   shipped  held-out mean F1 0.780 
17:09:31   CoactDetect   rounds   held-out mean F1 0.861 gain +0.081 [+0.072, +0.089]
17:09:31   rate+context  shipped  held-out mean F1 0.844 
17:09:31   rate+context  rounds   held-out mean F1 0.848 gain +0.005 [+0.003, +0.006]
17:09:31   binned SCE    shipped  held-out mean F1 0.787 
17:09:31   binned SCE    pair     held-out mean F1 0.807 gain +0.020 [+0.010, +0.031]
17:09:31   locust        shipped  held-out mean F1 0.600 
17:09:31   locust        rounds   held-out mean F1 0.839 gain +0.239 [+0.226, +0.252]
